#
# There is insufficient memory for the Java Runtime Environment to continue.
# Native memory allocation (mmap) failed to map 268435456 bytes. Error detail: G1 virtual space
# Possible reasons:
#   The system is out of physical RAM or swap space
#   This process is running with CompressedOops enabled, and the Java Heap may be blocking the growth of the native heap
# Possible solutions:
#   Reduce memory load on the system
#   Increase physical memory or swap space
#   Check if swap backing store is full
#   Decrease Java heap size (-Xmx/-Xms)
#   Decrease number of Java threads
#   Decrease Java thread stack sizes (-Xss)
#   Set larger code cache with -XX:ReservedCodeCacheSize=
#   JVM is running with Zero Based Compressed Oops mode in which the Java heap is
#     placed in the first 32GB address space. The Java Heap base address is the
#     maximum limit for the native heap growth. Please use -XX:HeapBaseMinAddress
#     to set the Java Heap base and to place the Java Heap above 32GB virtual address.
# This output file may be truncated or incomplete.
#
#  Out of Memory Error (os_windows.cpp:3925), pid=11320, tid=23832
#
# JRE version:  (21.0.8+1) (build )
# Java VM: OpenJDK 64-Bit Server VM (21.0.8+1-b1038.68, mixed mode, sharing, tiered, compressed oops, compressed class ptrs, g1 gc, windows-amd64)
# No core dump will be written. Minidumps are not enabled by default on client versions of Windows
#

---------------  S U M M A R Y ------------

Command Line: git4idea.http.GitAskPassApp Password for 'https://vivekchopade@bitbucket.org': 

Host: Intel(R) Core(TM) i7-6600U CPU @ 2.60GHz, 4 cores, 15G,  Windows 10 , 64 bit Build 19041 (10.0.19041.5915)
Time: Wed Dec  3 14:17:31 2025 India Standard Time elapsed time: 0.036913 seconds (0d 0h 0m 0s)

---------------  T H R E A D  ---------------

Current thread (0x000001df5b7a34f0):  JavaThread "Unknown thread" [_thread_in_vm, id=23832, stack(0x0000000920500000,0x0000000920600000) (1024K)]

Stack: [0x0000000920500000,0x0000000920600000]
Native frames: (J=compiled Java code, j=interpreted, Vv=VM code, C=native code)
V  [jvm.dll+0x6ebeb9]
V  [jvm.dll+0x8cbec3]
V  [jvm.dll+0x8ce47e]
V  [jvm.dll+0x8ceb63]
V  [jvm.dll+0x28adf6]
V  [jvm.dll+0x6e8695]
V  [jvm.dll+0x6dbeea]
V  [jvm.dll+0x36689b]
V  [jvm.dll+0x36e466]
V  [jvm.dll+0x3c08c6]
V  [jvm.dll+0x3c0b98]
V  [jvm.dll+0x3390cc]
V  [jvm.dll+0x339dbb]
V  [jvm.dll+0x893349]
V  [jvm.dll+0x3cda98]
V  [jvm.dll+0x87c368]
V  [jvm.dll+0x46283e]
V  [jvm.dll+0x464521]
C  [jli.dll+0x52ab]
C  [ucrtbase.dll+0x21bb2]
C  [KERNEL32.DLL+0x17374]
C  [ntdll.dll+0x4cc91]


---------------  P R O C E S S  ---------------

Threads class SMR info:
_java_thread_list=0x00007fffcdbe32c8, length=0, elements={
}

Java Threads: ( => current thread )
Total: 0

Other Threads:
  0x000001df5b804840 WorkerThread "GC Thread#0"                     [id=18272, stack(0x0000000920600000,0x0000000920700000) (1024K)]
  0x000001df5b815820 ConcurrentGCThread "G1 Main Marker"            [id=22704, stack(0x0000000920700000,0x0000000920800000) (1024K)]
  0x000001df5b816ac0 WorkerThread "G1 Conc#0"                       [id=20292, stack(0x0000000920800000,0x0000000920900000) (1024K)]

[error occurred during error reporting (printing all threads), id 0xc0000005, EXCEPTION_ACCESS_VIOLATION (0xc0000005) at pc=0x00007fffcd2cc0b7]
VM state: not at safepoint (not fully initialized)

VM Mutex/Monitor currently owned by a thread:  ([mutex/lock_event])
[0x00007fffcdc57d58] Heap_lock - owner thread: 0x000001df5b7a34f0

Heap address: 0x0000000701a00000, size: 4070 MB, Compressed Oops mode: Zero based, Oop shift amount: 3

CDS archive(s) mapped at: [0x0000000000000000-0x0000000000000000-0x0000000000000000), size 0, SharedBaseAddress: 0x0000000800000000, ArchiveRelocationMode: 1.
Narrow klass base: 0x0000000000000000, Narrow klass shift: 0, Narrow klass range: 0x0

GC Precious Log:
 CardTable entry size: 512
 Card Set container configuration: InlinePtr #cards 4 size 8 Array Of Cards #cards 16 size 48 Howl #buckets 8 coarsen threshold 3686 Howl Bitmap #cards 512 size 80 coarsen threshold 460 Card regions per heap region 1 cards per card region 4096

Heap:
 garbage-first heap   total 0K, used 0K [0x0000000701a00000, 0x0000000800000000)
  region size 2048K, 0 young (0K), 0 survivors (0K)
 Metaspace       used 0K, committed 0K, reserved 0K
  class space    used 0K, committed 0K, reserved 0K

Heap Regions: E=young(eden), S=young(survivor), O=old, HS=humongous(starts), HC=humongous(continues), CS=collection set, F=free, TAMS=top-at-mark-start, PB=parsable bottom

Card table byte_map: [0x000001df6eff0000,0x000001df6f7f0000] _byte_map_base: 0x000001df6b7e3000

Marking Bits: (CMBitMap*) 0x000001df5b804f40
 Bits: [0x000001df6f7f0000, 0x000001df73788000)

GC Heap History (0 events):
No events

Dll operation events (1 events):
Event: 0.022 Loaded shared library C:\Program Files\JetBrains\IntelliJ IDEA Community Edition 2024.1.4\jbr\bin\java.dll

Deoptimization events (0 events):
No events

Classes loaded (0 events):
No events

Classes unloaded (0 events):
No events

Classes redefined (0 events):
No events

Internal exceptions (0 events):
No events

ZGC Phase Switch (0 events):
No events

VM Operations (0 events):
No events

Memory protections (0 events):
No events

Nmethod flushes (0 events):
No events

Events (0 events):
No events


Dynamic libraries:
0x00007ff6e7f40000 - 0x00007ff6e7f4a000 	C:\Program Files\JetBrains\IntelliJ IDEA Community Edition 2024.1.4\jbr\bin\java.exe
0x00007ff845cf0000 - 0x00007ff845ee8000 	C:\Windows\SYSTEM32\ntdll.dll
0x00007ff845ab0000 - 0x00007ff845b72000 	C:\Windows\System32\KERNEL32.DLL
0x00007ff843990000 - 0x00007ff843c86000 	C:\Windows\System32\KERNELBASE.dll
0x00007ff843800000 - 0x00007ff843900000 	C:\Windows\System32\ucrtbase.dll
0x00007ff805540000 - 0x00007ff805558000 	C:\Program Files\JetBrains\IntelliJ IDEA Community Edition 2024.1.4\jbr\bin\jli.dll
0x00007ff8448a0000 - 0x00007ff844a41000 	C:\Windows\System32\USER32.dll
0x00007ff843ce0000 - 0x00007ff843d02000 	C:\Windows\System32\win32u.dll
0x00007ff8445f0000 - 0x00007ff84461b000 	C:\Windows\System32\GDI32.dll
0x00007ff843420000 - 0x00007ff843539000 	C:\Windows\System32\gdi32full.dll
0x00007ff843380000 - 0x00007ff84341d000 	C:\Windows\System32\msvcp_win.dll
0x00007ff82fc10000 - 0x00007ff82feab000 	C:\Windows\WinSxS\amd64_microsoft.windows.common-controls_6595b64144ccf1df_6.0.19041.6456_none_60b8a6cb71f64256\COMCTL32.dll
0x00007ff843d10000 - 0x00007ff843dae000 	C:\Windows\System32\msvcrt.dll
0x00007ff82dc50000 - 0x00007ff82dc6b000 	C:\Program Files\JetBrains\IntelliJ IDEA Community Edition 2024.1.4\jbr\bin\VCRUNTIME140.dll
0x00007ff844a50000 - 0x00007ff844a7f000 	C:\Windows\System32\IMM32.DLL
0x00007ff82dec0000 - 0x00007ff82decc000 	C:\Program Files\JetBrains\IntelliJ IDEA Community Edition 2024.1.4\jbr\bin\vcruntime140_1.dll
0x00007fffce840000 - 0x00007fffce8cd000 	C:\Program Files\JetBrains\IntelliJ IDEA Community Edition 2024.1.4\jbr\bin\msvcp140.dll
0x00007fffccf80000 - 0x00007fffcdd4b000 	C:\Program Files\JetBrains\IntelliJ IDEA Community Edition 2024.1.4\jbr\bin\server\jvm.dll
0x00007ff845910000 - 0x00007ff8459c1000 	C:\Windows\System32\ADVAPI32.dll
0x00007ff845010000 - 0x00007ff8450af000 	C:\Windows\System32\sechost.dll
0x00007ff844e90000 - 0x00007ff844fb0000 	C:\Windows\System32\RPCRT4.dll
0x00007ff843540000 - 0x00007ff843567000 	C:\Windows\System32\bcrypt.dll
0x00007ff843db0000 - 0x00007ff843e1b000 	C:\Windows\System32\WS2_32.dll
0x00007ff8428c0000 - 0x00007ff84290b000 	C:\Windows\SYSTEM32\POWRPROF.dll
0x00007ff83bdf0000 - 0x00007ff83bdfa000 	C:\Windows\SYSTEM32\VERSION.dll
0x00007ff830bc0000 - 0x00007ff830be7000 	C:\Windows\SYSTEM32\WINMM.dll
0x00007ff842780000 - 0x00007ff842792000 	C:\Windows\SYSTEM32\UMPDC.dll
0x00007ff841b90000 - 0x00007ff841ba2000 	C:\Windows\SYSTEM32\kernel.appcore.dll
0x00007ff82dc40000 - 0x00007ff82dc4a000 	C:\Program Files\JetBrains\IntelliJ IDEA Community Edition 2024.1.4\jbr\bin\jimage.dll
0x00007ff840980000 - 0x00007ff840b81000 	C:\Windows\SYSTEM32\DBGHELP.DLL
0x00007ff829760000 - 0x00007ff829794000 	C:\Windows\SYSTEM32\dbgcore.DLL
0x00007ff843900000 - 0x00007ff843982000 	C:\Windows\System32\bcryptPrimitives.dll
0x00007ff82dc20000 - 0x00007ff82dc40000 	C:\Program Files\JetBrains\IntelliJ IDEA Community Edition 2024.1.4\jbr\bin\java.dll

JVMTI agents: none

dbghelp: loaded successfully - version: 4.0.5 - missing functions: none
symbol engine: initialized successfully - sym options: 0x614 - pdb path: .;C:\Program Files\JetBrains\IntelliJ IDEA Community Edition 2024.1.4\jbr\bin;C:\Windows\SYSTEM32;C:\Windows\WinSxS\amd64_microsoft.windows.common-controls_6595b64144ccf1df_6.0.19041.6456_none_60b8a6cb71f64256;C:\Program Files\JetBrains\IntelliJ IDEA Community Edition 2024.1.4\jbr\bin\server

VM Arguments:
java_command: git4idea.http.GitAskPassApp Password for 'https://vivekchopade@bitbucket.org': 
java_class_path (initial): C:/Program Files/JetBrains/IntelliJ IDEA Community Edition 2024.1.4/plugins/vcs-git/lib/git4idea-rt.jar;C:/Program Files/JetBrains/IntelliJ IDEA Community Edition 2024.1.4/lib/externalProcess-rt.jar
Launcher Type: SUN_STANDARD

[Global flags]
     intx CICompilerCount                          = 3                                         {product} {ergonomic}
     uint ConcGCThreads                            = 1                                         {product} {ergonomic}
     uint G1ConcRefinementThreads                  = 4                                         {product} {ergonomic}
   size_t G1HeapRegionSize                         = 2097152                                   {product} {ergonomic}
    uintx GCDrainStackTargetSize                   = 64                                        {product} {ergonomic}
   size_t InitialHeapSize                          = 268435456                                 {product} {ergonomic}
   size_t MarkStackSize                            = 4194304                                   {product} {ergonomic}
   size_t MaxHeapSize                              = 4267704320                                {product} {ergonomic}
   size_t MinHeapDeltaBytes                        = 2097152                                   {product} {ergonomic}
   size_t MinHeapSize                              = 8388608                                   {product} {ergonomic}
    uintx NonNMethodCodeHeapSize                   = 5832780                                {pd product} {ergonomic}
    uintx NonProfiledCodeHeapSize                  = 122912730                              {pd product} {ergonomic}
    uintx ProfiledCodeHeapSize                     = 122912730                              {pd product} {ergonomic}
    uintx ReservedCodeCacheSize                    = 251658240                              {pd product} {ergonomic}
     bool SegmentedCodeCache                       = true                                      {product} {ergonomic}
   size_t SoftMaxHeapSize                          = 4267704320                             {manageable} {ergonomic}
     bool UseCompressedOops                        = true                           {product lp64_product} {ergonomic}
     bool UseG1GC                                  = true                                      {product} {ergonomic}
     bool UseLargePagesIndividualAllocation        = false                                  {pd product} {ergonomic}

Logging:
Log output configuration:
 #0: stdout all=warning uptime,level,tags foldmultilines=false
 #1: stderr all=off uptime,level,tags foldmultilines=false

Environment Variables:
JAVA_HOME=C:\Program Files\Java\jdk-17
PATH=C:\Program Files\Git\mingw64\libexec\git-core;C:\Program Files\Git\mingw64\libexec\git-core;C:\Program Files\Git\mingw64\bin;C:\Program Files\Git\usr\bin;C:\Users\User\bin;C:\Users\User\Desktop\vaultdemo;C:\Program Files\Common Files\Oracle\Java\javapath;C:\Windows\system32;C:\Windows;C:\Windows\System32\Wbem;C:\Windows\System32\WindowsPowerShell\v1.0;C:\Windows\System32\OpenSSH;C:\Program Files\dotnet;C:\Program Files\Intel\WiFi\bin;C:\Program Files\Common Files\Intel\WirelessCommon;C:\Program Files (x86)\Intel\Intel(R) Management Engine Components\DAL;C:\Program Files\Intel\Intel(R) Management Engine Components\DAL;C:\Program Files\Git\cmd;C:\Program Files\nodejs;C:\Program Files\Java\jdk-17\bin;C:\Program Files\Amazon\AWSCLIV2;C:\Program Files\cursor\resources\app\bin;C:\Users\User\Desktop\vaultdemo;C:\Program Files\MySQL\MySQL Shell 8.0\bin;C:\Users\User\AppData\Local\Microsoft\WindowsApps;C:\Users\User\AppData\Local\Programs\Microsoft VS Code\bin;C:\Program Files\JetBrains\IntelliJ IDEA Community Edition 2024.1.4\bin;C:\Users\User\AppData\Roaming\npm;C:\Users\User\AppData\Local\Programs\Zed\bin;D:\Apps\Kiro\bin;C:\Users\User\AppData\Local\Programs\Windsurf\bin;D:\Apps\Antigravity\bin
USERNAME=User
DISPLAY=:0.0
LC_ALL=en_US.UTF-8
TERM=xterm-256color
TMPDIR=C:\Users\User\AppData\Local\Temp
OS=Windows_NT
PROCESSOR_IDENTIFIER=Intel64 Family 6 Model 78 Stepping 3, GenuineIntel
TMP=C:\Users\User\AppData\Local\Temp
TEMP=C:\Users\User\AppData\Local\Temp




Periodic native trim disabled

JNI global refs:
JNI global refs: 0, weak refs: 0

JNI global refs memory usage: 0, weak refs: 0

Process memory usage:
Resident Set Size: 10804K (0% of 16666028K total physical memory with 1039756K free physical memory)

OOME stack traces (most recent first):
Classloader memory used:

---------------  S Y S T E M  ---------------

OS:
 Windows 10 , 64 bit Build 19041 (10.0.19041.5915)
OS uptime: 0 days 3:48 hours

CPU: total 4 (initial active 4) (2 cores per cpu, 2 threads per core) family 6 model 78 stepping 3 microcode 0xf0, cx8, cmov, fxsr, ht, mmx, 3dnowpref, sse, sse2, sse3, ssse3, sse4.1, sse4.2, popcnt, lzcnt, tsc, tscinvbit, avx, avx2, aes, erms, clmul, bmi1, bmi2, rtm, adx, fma, vzeroupper, clflush, clflushopt, rdtscp, f16c
Processor Information for the first 4 processors :
  Max Mhz: 2801, Current Mhz: 2801, Mhz Limit: 2801

Memory: 4k page, system-wide physical 16275M (1015M free)
TotalPageFile size 31489M (AvailPageFile size 132M)
current process WorkingSet (physical memory assigned to process): 10M, peak: 10M
current process commit charge ("private bytes"): 52M, peak: 307M

vm_info: OpenJDK 64-Bit Server VM (21.0.8+1-b1038.68) for windows-amd64 JRE (21.0.8+1-b1038.68), built on 2025-07-24 by "builduser" with MS VC++ 16.10 / 16.11 (VS2019)

END.
